Archive member included because of file (symbol)

/Users/mostly_mike/pebble-dev/PebbleSDK-2.1.1/Pebble/lib/libpebble.a(tmpypdyNWpebble.o)
                              src/halo.c.10.o (app_event_loop)

Allocating common symbols
Common symbol       size              file

dosis_font_18       0x4               src/halo.c.10.o
dosis_font_56       0x4               src/halo.c.10.o
minute_circle_layer
                    0x4               src/halo.c.10.o
window              0x4               src/halo.c.10.o
text_hour_layer     0x4               src/halo.c.10.o
text_minute_layer   0x4               src/halo.c.10.o

Discarded input sections

 .text          0x0000000000000000        0x0 /Users/mostly_mike/pebble-dev/PebbleSDK-2.1.1/arm-cs-tools/bin/../lib/gcc/arm-none-eabi/4.7.2/thumb2/crti.o
 .bss           0x0000000000000000        0x0 /Users/mostly_mike/pebble-dev/PebbleSDK-2.1.1/arm-cs-tools/bin/../lib/gcc/arm-none-eabi/4.7.2/thumb2/crti.o
 .init          0x0000000000000000        0x4 /Users/mostly_mike/pebble-dev/PebbleSDK-2.1.1/arm-cs-tools/bin/../lib/gcc/arm-none-eabi/4.7.2/thumb2/crti.o
 .fini          0x0000000000000000        0x4 /Users/mostly_mike/pebble-dev/PebbleSDK-2.1.1/arm-cs-tools/bin/../lib/gcc/arm-none-eabi/4.7.2/thumb2/crti.o
 .text          0x0000000000000000       0xc8 /Users/mostly_mike/pebble-dev/PebbleSDK-2.1.1/arm-cs-tools/bin/../lib/gcc/arm-none-eabi/4.7.2/thumb2/crtbegin.o
 .bss           0x0000000000000000       0x1c /Users/mostly_mike/pebble-dev/PebbleSDK-2.1.1/arm-cs-tools/bin/../lib/gcc/arm-none-eabi/4.7.2/thumb2/crtbegin.o
 .init_array    0x0000000000000000        0x4 /Users/mostly_mike/pebble-dev/PebbleSDK-2.1.1/arm-cs-tools/bin/../lib/gcc/arm-none-eabi/4.7.2/thumb2/crtbegin.o
 .fini_array    0x0000000000000000        0x4 /Users/mostly_mike/pebble-dev/PebbleSDK-2.1.1/arm-cs-tools/bin/../lib/gcc/arm-none-eabi/4.7.2/thumb2/crtbegin.o
 .eh_frame      0x0000000000000000        0x0 /Users/mostly_mike/pebble-dev/PebbleSDK-2.1.1/arm-cs-tools/bin/../lib/gcc/arm-none-eabi/4.7.2/thumb2/crtbegin.o
 .jcr           0x0000000000000000        0x0 /Users/mostly_mike/pebble-dev/PebbleSDK-2.1.1/arm-cs-tools/bin/../lib/gcc/arm-none-eabi/4.7.2/thumb2/crtbegin.o
 .tm_clone_table
                0x0000000000000000        0x0 /Users/mostly_mike/pebble-dev/PebbleSDK-2.1.1/arm-cs-tools/bin/../lib/gcc/arm-none-eabi/4.7.2/thumb2/crtbegin.o
 .text          0x0000000000000000        0x0 src/halo.c.10.o
 .bss           0x0000000000000000        0x0 src/halo.c.10.o
 .text          0x0000000000000000        0x0 appinfo.auto.c.10.o
 .bss           0x0000000000000000        0x0 appinfo.auto.c.10.o
 .bss           0x0000000000000000        0x0 /Users/mostly_mike/pebble-dev/PebbleSDK-2.1.1/Pebble/lib/libpebble.a(tmpypdyNWpebble.o)
 .text.accel_data_service_subscribe__deprecated
                0x0000000000000000        0xc /Users/mostly_mike/pebble-dev/PebbleSDK-2.1.1/Pebble/lib/libpebble.a(tmpypdyNWpebble.o)
 .text.accel_data_service_unsubscribe
                0x0000000000000000        0xc /Users/mostly_mike/pebble-dev/PebbleSDK-2.1.1/Pebble/lib/libpebble.a(tmpypdyNWpebble.o)
 .text.accel_service_peek
                0x0000000000000000        0xc /Users/mostly_mike/pebble-dev/PebbleSDK-2.1.1/Pebble/lib/libpebble.a(tmpypdyNWpebble.o)
 .text.accel_service_set_samples_per_update
                0x0000000000000000        0xc /Users/mostly_mike/pebble-dev/PebbleSDK-2.1.1/Pebble/lib/libpebble.a(tmpypdyNWpebble.o)
 .text.accel_service_set_sampling_rate
                0x0000000000000000        0xc /Users/mostly_mike/pebble-dev/PebbleSDK-2.1.1/Pebble/lib/libpebble.a(tmpypdyNWpebble.o)
 .text.accel_tap_service_subscribe
                0x0000000000000000        0xc /Users/mostly_mike/pebble-dev/PebbleSDK-2.1.1/Pebble/lib/libpebble.a(tmpypdyNWpebble.o)
 .text.accel_tap_service_unsubscribe
                0x0000000000000000        0xc /Users/mostly_mike/pebble-dev/PebbleSDK-2.1.1/Pebble/lib/libpebble.a(tmpypdyNWpebble.o)
 .text.action_bar_layer_add_to_window
                0x0000000000000000        0xc /Users/mostly_mike/pebble-dev/PebbleSDK-2.1.1/Pebble/lib/libpebble.a(tmpypdyNWpebble.o)
 .text.action_bar_layer_clear_icon
                0x0000000000000000        0xc /Users/mostly_mike/pebble-dev/PebbleSDK-2.1.1/Pebble/lib/libpebble.a(tmpypdyNWpebble.o)
 .text.action_bar_layer_create
                0x0000000000000000        0xc /Users/mostly_mike/pebble-dev/PebbleSDK-2.1.1/Pebble/lib/libpebble.a(tmpypdyNWpebble.o)
 .text.action_bar_layer_destroy
                0x0000000000000000        0xc /Users/mostly_mike/pebble-dev/PebbleSDK-2.1.1/Pebble/lib/libpebble.a(tmpypdyNWpebble.o)
 .text.action_bar_layer_get_layer
                0x0000000000000000        0xc /Users/mostly_mike/pebble-dev/PebbleSDK-2.1.1/Pebble/lib/libpebble.a(tmpypdyNWpebble.o)
 .text.action_bar_layer_remove_from_window
                0x0000000000000000        0xc /Users/mostly_mike/pebble-dev/PebbleSDK-2.1.1/Pebble/lib/libpebble.a(tmpypdyNWpebble.o)
 .text.action_bar_layer_set_background_color
                0x0000000000000000        0xc /Users/mostly_mike/pebble-dev/PebbleSDK-2.1.1/Pebble/lib/libpebble.a(tmpypdyNWpebble.o)
 .text.action_bar_layer_set_click_config_provider
                0x0000000000000000        0xc /Users/mostly_mike/pebble-dev/PebbleSDK-2.1.1/Pebble/lib/libpebble.a(tmpypdyNWpebble.o)
 .text.action_bar_layer_set_context
                0x0000000000000000        0xc /Users/mostly_mike/pebble-dev/PebbleSDK-2.1.1/Pebble/lib/libpebble.a(tmpypdyNWpebble.o)
 .text.action_bar_layer_set_icon
                0x0000000000000000        0xc /Users/mostly_mike/pebble-dev/PebbleSDK-2.1.1/Pebble/lib/libpebble.a(tmpypdyNWpebble.o)
 .text.animation_create
                0x0000000000000000        0xc /Users/mostly_mike/pebble-dev/PebbleSDK-2.1.1/Pebble/lib/libpebble.a(tmpypdyNWpebble.o)
 .text.animation_destroy
                0x0000000000000000        0xc /Users/mostly_mike/pebble-dev/PebbleSDK-2.1.1/Pebble/lib/libpebble.a(tmpypdyNWpebble.o)
 .text.animation_get_context
                0x0000000000000000        0xc /Users/mostly_mike/pebble-dev/PebbleSDK-2.1.1/Pebble/lib/libpebble.a(tmpypdyNWpebble.o)
 .text.animation_is_scheduled
                0x0000000000000000        0xc /Users/mostly_mike/pebble-dev/PebbleSDK-2.1.1/Pebble/lib/libpebble.a(tmpypdyNWpebble.o)
 .text.animation_schedule
                0x0000000000000000        0xc /Users/mostly_mike/pebble-dev/PebbleSDK-2.1.1/Pebble/lib/libpebble.a(tmpypdyNWpebble.o)
 .text.animation_set_curve
                0x0000000000000000        0xc /Users/mostly_mike/pebble-dev/PebbleSDK-2.1.1/Pebble/lib/libpebble.a(tmpypdyNWpebble.o)
 .text.animation_set_delay
                0x0000000000000000        0xc /Users/mostly_mike/pebble-dev/PebbleSDK-2.1.1/Pebble/lib/libpebble.a(tmpypdyNWpebble.o)
 .text.animation_set_duration
                0x0000000000000000        0xc /Users/mostly_mike/pebble-dev/PebbleSDK-2.1.1/Pebble/lib/libpebble.a(tmpypdyNWpebble.o)
 .text.animation_set_handlers
                0x0000000000000000        0xc /Users/mostly_mike/pebble-dev/PebbleSDK-2.1.1/Pebble/lib/libpebble.a(tmpypdyNWpebble.o)
 .text.animation_set_implementation
                0x0000000000000000        0xc /Users/mostly_mike/pebble-dev/PebbleSDK-2.1.1/Pebble/lib/libpebble.a(tmpypdyNWpebble.o)
 .text.animation_unschedule
                0x0000000000000000        0xc /Users/mostly_mike/pebble-dev/PebbleSDK-2.1.1/Pebble/lib/libpebble.a(tmpypdyNWpebble.o)
 .text.animation_unschedule_all
                0x0000000000000000        0xc /Users/mostly_mike/pebble-dev/PebbleSDK-2.1.1/Pebble/lib/libpebble.a(tmpypdyNWpebble.o)
 .text.app_comm_get_sniff_interval
                0x0000000000000000        0xc /Users/mostly_mike/pebble-dev/PebbleSDK-2.1.1/Pebble/lib/libpebble.a(tmpypdyNWpebble.o)
 .text.app_comm_set_sniff_interval
                0x0000000000000000        0xc /Users/mostly_mike/pebble-dev/PebbleSDK-2.1.1/Pebble/lib/libpebble.a(tmpypdyNWpebble.o)
 .text.app_log  0x0000000000000000        0xc /Users/mostly_mike/pebble-dev/PebbleSDK-2.1.1/Pebble/lib/libpebble.a(tmpypdyNWpebble.o)
 .text.app_message_deregister_callbacks
                0x0000000000000000        0xc /Users/mostly_mike/pebble-dev/PebbleSDK-2.1.1/Pebble/lib/libpebble.a(tmpypdyNWpebble.o)
 .text.app_message_open
                0x0000000000000000        0xc /Users/mostly_mike/pebble-dev/PebbleSDK-2.1.1/Pebble/lib/libpebble.a(tmpypdyNWpebble.o)
 .text.app_sync_deinit
                0x0000000000000000        0xc /Users/mostly_mike/pebble-dev/PebbleSDK-2.1.1/Pebble/lib/libpebble.a(tmpypdyNWpebble.o)
 .text.app_sync_get
                0x0000000000000000        0xc /Users/mostly_mike/pebble-dev/PebbleSDK-2.1.1/Pebble/lib/libpebble.a(tmpypdyNWpebble.o)
 .text.app_sync_init
                0x0000000000000000        0xc /Users/mostly_mike/pebble-dev/PebbleSDK-2.1.1/Pebble/lib/libpebble.a(tmpypdyNWpebble.o)
 .text.app_sync_set
                0x0000000000000000        0xc /Users/mostly_mike/pebble-dev/PebbleSDK-2.1.1/Pebble/lib/libpebble.a(tmpypdyNWpebble.o)
 .text.app_timer_cancel
                0x0000000000000000        0xc /Users/mostly_mike/pebble-dev/PebbleSDK-2.1.1/Pebble/lib/libpebble.a(tmpypdyNWpebble.o)
 .text.app_timer_register
                0x0000000000000000        0xc /Users/mostly_mike/pebble-dev/PebbleSDK-2.1.1/Pebble/lib/libpebble.a(tmpypdyNWpebble.o)
 .text.app_timer_reschedule
                0x0000000000000000        0xc /Users/mostly_mike/pebble-dev/PebbleSDK-2.1.1/Pebble/lib/libpebble.a(tmpypdyNWpebble.o)
 .text.atan2_lookup
                0x0000000000000000        0xc /Users/mostly_mike/pebble-dev/PebbleSDK-2.1.1/Pebble/lib/libpebble.a(tmpypdyNWpebble.o)
 .text.atoi     0x0000000000000000        0xc /Users/mostly_mike/pebble-dev/PebbleSDK-2.1.1/Pebble/lib/libpebble.a(tmpypdyNWpebble.o)
 .text.atol     0x0000000000000000        0xc /Users/mostly_mike/pebble-dev/PebbleSDK-2.1.1/Pebble/lib/libpebble.a(tmpypdyNWpebble.o)
 .text.battery_state_service_peek
                0x0000000000000000        0xc /Users/mostly_mike/pebble-dev/PebbleSDK-2.1.1/Pebble/lib/libpebble.a(tmpypdyNWpebble.o)
 .text.battery_state_service_subscribe
                0x0000000000000000        0xc /Users/mostly_mike/pebble-dev/PebbleSDK-2.1.1/Pebble/lib/libpebble.a(tmpypdyNWpebble.o)
 .text.battery_state_service_unsubscribe
                0x0000000000000000        0xc /Users/mostly_mike/pebble-dev/PebbleSDK-2.1.1/Pebble/lib/libpebble.a(tmpypdyNWpebble.o)
 .text.bitmap_layer_create
                0x0000000000000000        0xc /Users/mostly_mike/pebble-dev/PebbleSDK-2.1.1/Pebble/lib/libpebble.a(tmpypdyNWpebble.o)
 .text.bitmap_layer_destroy
                0x0000000000000000        0xc /Users/mostly_mike/pebble-dev/PebbleSDK-2.1.1/Pebble/lib/libpebble.a(tmpypdyNWpebble.o)
 .text.bitmap_layer_get_layer
                0x0000000000000000        0xc /Users/mostly_mike/pebble-dev/PebbleSDK-2.1.1/Pebble/lib/libpebble.a(tmpypdyNWpebble.o)
 .text.bitmap_layer_set_alignment
                0x0000000000000000        0xc /Users/mostly_mike/pebble-dev/PebbleSDK-2.1.1/Pebble/lib/libpebble.a(tmpypdyNWpebble.o)
 .text.bitmap_layer_set_background_color
                0x0000000000000000        0xc /Users/mostly_mike/pebble-dev/PebbleSDK-2.1.1/Pebble/lib/libpebble.a(tmpypdyNWpebble.o)
 .text.bitmap_layer_set_bitmap
                0x0000000000000000        0xc /Users/mostly_mike/pebble-dev/PebbleSDK-2.1.1/Pebble/lib/libpebble.a(tmpypdyNWpebble.o)
 .text.bitmap_layer_set_compositing_mode
                0x0000000000000000        0xc /Users/mostly_mike/pebble-dev/PebbleSDK-2.1.1/Pebble/lib/libpebble.a(tmpypdyNWpebble.o)
 .text.bluetooth_connection_service_peek
                0x0000000000000000        0xc /Users/mostly_mike/pebble-dev/PebbleSDK-2.1.1/Pebble/lib/libpebble.a(tmpypdyNWpebble.o)
 .text.bluetooth_connection_service_subscribe
                0x0000000000000000        0xc /Users/mostly_mike/pebble-dev/PebbleSDK-2.1.1/Pebble/lib/libpebble.a(tmpypdyNWpebble.o)
 .text.bluetooth_connection_service_unsubscribe
                0x0000000000000000        0xc /Users/mostly_mike/pebble-dev/PebbleSDK-2.1.1/Pebble/lib/libpebble.a(tmpypdyNWpebble.o)
 .text.click_number_of_clicks_counted
                0x0000000000000000        0xc /Users/mostly_mike/pebble-dev/PebbleSDK-2.1.1/Pebble/lib/libpebble.a(tmpypdyNWpebble.o)
 .text.click_recognizer_get_button_id
                0x0000000000000000        0xc /Users/mostly_mike/pebble-dev/PebbleSDK-2.1.1/Pebble/lib/libpebble.a(tmpypdyNWpebble.o)
 .text.clock_copy_time_string
                0x0000000000000000        0xc /Users/mostly_mike/pebble-dev/PebbleSDK-2.1.1/Pebble/lib/libpebble.a(tmpypdyNWpebble.o)
 .text.data_logging_create
                0x0000000000000000        0xc /Users/mostly_mike/pebble-dev/PebbleSDK-2.1.1/Pebble/lib/libpebble.a(tmpypdyNWpebble.o)
 .text.data_logging_finish
                0x0000000000000000        0xc /Users/mostly_mike/pebble-dev/PebbleSDK-2.1.1/Pebble/lib/libpebble.a(tmpypdyNWpebble.o)
 .text.data_logging_log
                0x0000000000000000        0xc /Users/mostly_mike/pebble-dev/PebbleSDK-2.1.1/Pebble/lib/libpebble.a(tmpypdyNWpebble.o)
 .text.dict_calc_buffer_size
                0x0000000000000000        0xc /Users/mostly_mike/pebble-dev/PebbleSDK-2.1.1/Pebble/lib/libpebble.a(tmpypdyNWpebble.o)
 .text.dict_calc_buffer_size_from_tuplets
                0x0000000000000000        0xc /Users/mostly_mike/pebble-dev/PebbleSDK-2.1.1/Pebble/lib/libpebble.a(tmpypdyNWpebble.o)
 .text.dict_find
                0x0000000000000000        0xc /Users/mostly_mike/pebble-dev/PebbleSDK-2.1.1/Pebble/lib/libpebble.a(tmpypdyNWpebble.o)
 .text.dict_merge
                0x0000000000000000        0xc /Users/mostly_mike/pebble-dev/PebbleSDK-2.1.1/Pebble/lib/libpebble.a(tmpypdyNWpebble.o)
 .text.dict_read_begin_from_buffer
                0x0000000000000000        0xc /Users/mostly_mike/pebble-dev/PebbleSDK-2.1.1/Pebble/lib/libpebble.a(tmpypdyNWpebble.o)
 .text.dict_read_first
                0x0000000000000000        0xc /Users/mostly_mike/pebble-dev/PebbleSDK-2.1.1/Pebble/lib/libpebble.a(tmpypdyNWpebble.o)
 .text.dict_read_next
                0x0000000000000000        0xc /Users/mostly_mike/pebble-dev/PebbleSDK-2.1.1/Pebble/lib/libpebble.a(tmpypdyNWpebble.o)
 .text.dict_serialize_tuplets
                0x0000000000000000        0xc /Users/mostly_mike/pebble-dev/PebbleSDK-2.1.1/Pebble/lib/libpebble.a(tmpypdyNWpebble.o)
 .text.dict_serialize_tuplets_to_buffer__deprecated
                0x0000000000000000        0xc /Users/mostly_mike/pebble-dev/PebbleSDK-2.1.1/Pebble/lib/libpebble.a(tmpypdyNWpebble.o)
 .text.dict_serialize_tuplets_to_buffer_with_iter
                0x0000000000000000        0xc /Users/mostly_mike/pebble-dev/PebbleSDK-2.1.1/Pebble/lib/libpebble.a(tmpypdyNWpebble.o)
 .text.dict_write_begin
                0x0000000000000000        0xc /Users/mostly_mike/pebble-dev/PebbleSDK-2.1.1/Pebble/lib/libpebble.a(tmpypdyNWpebble.o)
 .text.dict_write_cstring
                0x0000000000000000        0xc /Users/mostly_mike/pebble-dev/PebbleSDK-2.1.1/Pebble/lib/libpebble.a(tmpypdyNWpebble.o)
 .text.dict_write_data
                0x0000000000000000        0xc /Users/mostly_mike/pebble-dev/PebbleSDK-2.1.1/Pebble/lib/libpebble.a(tmpypdyNWpebble.o)
 .text.dict_write_end
                0x0000000000000000        0xc /Users/mostly_mike/pebble-dev/PebbleSDK-2.1.1/Pebble/lib/libpebble.a(tmpypdyNWpebble.o)
 .text.dict_write_int
                0x0000000000000000        0xc /Users/mostly_mike/pebble-dev/PebbleSDK-2.1.1/Pebble/lib/libpebble.a(tmpypdyNWpebble.o)
 .text.dict_write_int16
                0x0000000000000000        0xc /Users/mostly_mike/pebble-dev/PebbleSDK-2.1.1/Pebble/lib/libpebble.a(tmpypdyNWpebble.o)
 .text.dict_write_int32
                0x0000000000000000        0xc /Users/mostly_mike/pebble-dev/PebbleSDK-2.1.1/Pebble/lib/libpebble.a(tmpypdyNWpebble.o)
 .text.dict_write_int8
                0x0000000000000000        0xc /Users/mostly_mike/pebble-dev/PebbleSDK-2.1.1/Pebble/lib/libpebble.a(tmpypdyNWpebble.o)
 .text.dict_write_tuplet
                0x0000000000000000        0xc /Users/mostly_mike/pebble-dev/PebbleSDK-2.1.1/Pebble/lib/libpebble.a(tmpypdyNWpebble.o)
 .text.dict_write_uint16
                0x0000000000000000        0xc /Users/mostly_mike/pebble-dev/PebbleSDK-2.1.1/Pebble/lib/libpebble.a(tmpypdyNWpebble.o)
 .text.dict_write_uint32
                0x0000000000000000        0xc /Users/mostly_mike/pebble-dev/PebbleSDK-2.1.1/Pebble/lib/libpebble.a(tmpypdyNWpebble.o)
 .text.dict_write_uint8
                0x0000000000000000        0xc /Users/mostly_mike/pebble-dev/PebbleSDK-2.1.1/Pebble/lib/libpebble.a(tmpypdyNWpebble.o)
 .text.fonts_get_system_font
                0x0000000000000000        0xc /Users/mostly_mike/pebble-dev/PebbleSDK-2.1.1/Pebble/lib/libpebble.a(tmpypdyNWpebble.o)
 .text.free     0x0000000000000000        0xc /Users/mostly_mike/pebble-dev/PebbleSDK-2.1.1/Pebble/lib/libpebble.a(tmpypdyNWpebble.o)
 .text.gbitmap_create_as_sub_bitmap
                0x0000000000000000        0xc /Users/mostly_mike/pebble-dev/PebbleSDK-2.1.1/Pebble/lib/libpebble.a(tmpypdyNWpebble.o)
 .text.gbitmap_create_with_data
                0x0000000000000000        0xc /Users/mostly_mike/pebble-dev/PebbleSDK-2.1.1/Pebble/lib/libpebble.a(tmpypdyNWpebble.o)
 .text.gbitmap_create_with_resource
                0x0000000000000000        0xc /Users/mostly_mike/pebble-dev/PebbleSDK-2.1.1/Pebble/lib/libpebble.a(tmpypdyNWpebble.o)
 .text.gbitmap_destroy
                0x0000000000000000        0xc /Users/mostly_mike/pebble-dev/PebbleSDK-2.1.1/Pebble/lib/libpebble.a(tmpypdyNWpebble.o)
 .text.gmtime   0x0000000000000000        0xc /Users/mostly_mike/pebble-dev/PebbleSDK-2.1.1/Pebble/lib/libpebble.a(tmpypdyNWpebble.o)
 .text.gpath_create
                0x0000000000000000        0xc /Users/mostly_mike/pebble-dev/PebbleSDK-2.1.1/Pebble/lib/libpebble.a(tmpypdyNWpebble.o)
 .text.gpath_destroy
                0x0000000000000000        0xc /Users/mostly_mike/pebble-dev/PebbleSDK-2.1.1/Pebble/lib/libpebble.a(tmpypdyNWpebble.o)
 .text.gpath_draw_filled
                0x0000000000000000        0xc /Users/mostly_mike/pebble-dev/PebbleSDK-2.1.1/Pebble/lib/libpebble.a(tmpypdyNWpebble.o)
 .text.gpath_draw_outline
                0x0000000000000000        0xc /Users/mostly_mike/pebble-dev/PebbleSDK-2.1.1/Pebble/lib/libpebble.a(tmpypdyNWpebble.o)
 .text.gpath_move_to
                0x0000000000000000        0xc /Users/mostly_mike/pebble-dev/PebbleSDK-2.1.1/Pebble/lib/libpebble.a(tmpypdyNWpebble.o)
 .text.gpath_rotate_to
                0x0000000000000000        0xc /Users/mostly_mike/pebble-dev/PebbleSDK-2.1.1/Pebble/lib/libpebble.a(tmpypdyNWpebble.o)
 .text.gpoint_equal
                0x0000000000000000        0xc /Users/mostly_mike/pebble-dev/PebbleSDK-2.1.1/Pebble/lib/libpebble.a(tmpypdyNWpebble.o)
 .text.graphics_context_set_compositing_mode
                0x0000000000000000        0xc /Users/mostly_mike/pebble-dev/PebbleSDK-2.1.1/Pebble/lib/libpebble.a(tmpypdyNWpebble.o)
 .text.graphics_context_set_text_color
                0x0000000000000000        0xc /Users/mostly_mike/pebble-dev/PebbleSDK-2.1.1/Pebble/lib/libpebble.a(tmpypdyNWpebble.o)
 .text.graphics_draw_bitmap_in_rect
                0x0000000000000000        0xc /Users/mostly_mike/pebble-dev/PebbleSDK-2.1.1/Pebble/lib/libpebble.a(tmpypdyNWpebble.o)
 .text.graphics_draw_circle
                0x0000000000000000        0xc /Users/mostly_mike/pebble-dev/PebbleSDK-2.1.1/Pebble/lib/libpebble.a(tmpypdyNWpebble.o)
 .text.graphics_draw_pixel
                0x0000000000000000        0xc /Users/mostly_mike/pebble-dev/PebbleSDK-2.1.1/Pebble/lib/libpebble.a(tmpypdyNWpebble.o)
 .text.graphics_draw_rect
                0x0000000000000000        0xc /Users/mostly_mike/pebble-dev/PebbleSDK-2.1.1/Pebble/lib/libpebble.a(tmpypdyNWpebble.o)
 .text.graphics_draw_round_rect
                0x0000000000000000        0xc /Users/mostly_mike/pebble-dev/PebbleSDK-2.1.1/Pebble/lib/libpebble.a(tmpypdyNWpebble.o)
 .text.graphics_fill_rect
                0x0000000000000000        0xc /Users/mostly_mike/pebble-dev/PebbleSDK-2.1.1/Pebble/lib/libpebble.a(tmpypdyNWpebble.o)
 .text.graphics_text_layout_get_max_used_size
                0x0000000000000000        0xc /Users/mostly_mike/pebble-dev/PebbleSDK-2.1.1/Pebble/lib/libpebble.a(tmpypdyNWpebble.o)
 .text.grect_align
                0x0000000000000000        0xc /Users/mostly_mike/pebble-dev/PebbleSDK-2.1.1/Pebble/lib/libpebble.a(tmpypdyNWpebble.o)
 .text.grect_clip
                0x0000000000000000        0xc /Users/mostly_mike/pebble-dev/PebbleSDK-2.1.1/Pebble/lib/libpebble.a(tmpypdyNWpebble.o)
 .text.grect_contains_point
                0x0000000000000000        0xc /Users/mostly_mike/pebble-dev/PebbleSDK-2.1.1/Pebble/lib/libpebble.a(tmpypdyNWpebble.o)
 .text.grect_crop
                0x0000000000000000        0xc /Users/mostly_mike/pebble-dev/PebbleSDK-2.1.1/Pebble/lib/libpebble.a(tmpypdyNWpebble.o)
 .text.grect_equal
                0x0000000000000000        0xc /Users/mostly_mike/pebble-dev/PebbleSDK-2.1.1/Pebble/lib/libpebble.a(tmpypdyNWpebble.o)
 .text.grect_is_empty
                0x0000000000000000        0xc /Users/mostly_mike/pebble-dev/PebbleSDK-2.1.1/Pebble/lib/libpebble.a(tmpypdyNWpebble.o)
 .text.grect_standardize
                0x0000000000000000        0xc /Users/mostly_mike/pebble-dev/PebbleSDK-2.1.1/Pebble/lib/libpebble.a(tmpypdyNWpebble.o)
 .text.gsize_equal
                0x0000000000000000        0xc /Users/mostly_mike/pebble-dev/PebbleSDK-2.1.1/Pebble/lib/libpebble.a(tmpypdyNWpebble.o)
 .text.inverter_layer_create
                0x0000000000000000        0xc /Users/mostly_mike/pebble-dev/PebbleSDK-2.1.1/Pebble/lib/libpebble.a(tmpypdyNWpebble.o)
 .text.inverter_layer_destroy
                0x0000000000000000        0xc /Users/mostly_mike/pebble-dev/PebbleSDK-2.1.1/Pebble/lib/libpebble.a(tmpypdyNWpebble.o)
 .text.inverter_layer_get_layer
                0x0000000000000000        0xc /Users/mostly_mike/pebble-dev/PebbleSDK-2.1.1/Pebble/lib/libpebble.a(tmpypdyNWpebble.o)
 .text.layer_create_with_data
                0x0000000000000000        0xc /Users/mostly_mike/pebble-dev/PebbleSDK-2.1.1/Pebble/lib/libpebble.a(tmpypdyNWpebble.o)
 .text.layer_get_clips
                0x0000000000000000        0xc /Users/mostly_mike/pebble-dev/PebbleSDK-2.1.1/Pebble/lib/libpebble.a(tmpypdyNWpebble.o)
 .text.layer_get_data
                0x0000000000000000        0xc /Users/mostly_mike/pebble-dev/PebbleSDK-2.1.1/Pebble/lib/libpebble.a(tmpypdyNWpebble.o)
 .text.layer_get_frame
                0x0000000000000000        0xc /Users/mostly_mike/pebble-dev/PebbleSDK-2.1.1/Pebble/lib/libpebble.a(tmpypdyNWpebble.o)
 .text.layer_get_hidden
                0x0000000000000000        0xc /Users/mostly_mike/pebble-dev/PebbleSDK-2.1.1/Pebble/lib/libpebble.a(tmpypdyNWpebble.o)
 .text.layer_get_window
                0x0000000000000000        0xc /Users/mostly_mike/pebble-dev/PebbleSDK-2.1.1/Pebble/lib/libpebble.a(tmpypdyNWpebble.o)
 .text.layer_insert_above_sibling
                0x0000000000000000        0xc /Users/mostly_mike/pebble-dev/PebbleSDK-2.1.1/Pebble/lib/libpebble.a(tmpypdyNWpebble.o)
 .text.layer_insert_below_sibling
                0x0000000000000000        0xc /Users/mostly_mike/pebble-dev/PebbleSDK-2.1.1/Pebble/lib/libpebble.a(tmpypdyNWpebble.o)
 .text.layer_mark_dirty
                0x0000000000000000        0xc /Users/mostly_mike/pebble-dev/PebbleSDK-2.1.1/Pebble/lib/libpebble.a(tmpypdyNWpebble.o)
 .text.layer_remove_child_layers
                0x0000000000000000        0xc /Users/mostly_mike/pebble-dev/PebbleSDK-2.1.1/Pebble/lib/libpebble.a(tmpypdyNWpebble.o)
 .text.layer_remove_from_parent
                0x0000000000000000        0xc /Users/mostly_mike/pebble-dev/PebbleSDK-2.1.1/Pebble/lib/libpebble.a(tmpypdyNWpebble.o)
 .text.layer_set_bounds
                0x0000000000000000        0xc /Users/mostly_mike/pebble-dev/PebbleSDK-2.1.1/Pebble/lib/libpebble.a(tmpypdyNWpebble.o)
 .text.layer_set_clips
                0x0000000000000000        0xc /Users/mostly_mike/pebble-dev/PebbleSDK-2.1.1/Pebble/lib/libpebble.a(tmpypdyNWpebble.o)
 .text.layer_set_frame
                0x0000000000000000        0xc /Users/mostly_mike/pebble-dev/PebbleSDK-2.1.1/Pebble/lib/libpebble.a(tmpypdyNWpebble.o)
 .text.layer_set_hidden
                0x0000000000000000        0xc /Users/mostly_mike/pebble-dev/PebbleSDK-2.1.1/Pebble/lib/libpebble.a(tmpypdyNWpebble.o)
 .text.light_enable
                0x0000000000000000        0xc /Users/mostly_mike/pebble-dev/PebbleSDK-2.1.1/Pebble/lib/libpebble.a(tmpypdyNWpebble.o)
 .text.light_enable_interaction
                0x0000000000000000        0xc /Users/mostly_mike/pebble-dev/PebbleSDK-2.1.1/Pebble/lib/libpebble.a(tmpypdyNWpebble.o)
 .text.malloc   0x0000000000000000        0xc /Users/mostly_mike/pebble-dev/PebbleSDK-2.1.1/Pebble/lib/libpebble.a(tmpypdyNWpebble.o)
 .text.memcpy   0x0000000000000000        0xc /Users/mostly_mike/pebble-dev/PebbleSDK-2.1.1/Pebble/lib/libpebble.a(tmpypdyNWpebble.o)
 .text.memset   0x0000000000000000        0xc /Users/mostly_mike/pebble-dev/PebbleSDK-2.1.1/Pebble/lib/libpebble.a(tmpypdyNWpebble.o)
 .text.menu_cell_basic_draw
                0x0000000000000000        0xc /Users/mostly_mike/pebble-dev/PebbleSDK-2.1.1/Pebble/lib/libpebble.a(tmpypdyNWpebble.o)
 .text.menu_cell_basic_header_draw
                0x0000000000000000        0xc /Users/mostly_mike/pebble-dev/PebbleSDK-2.1.1/Pebble/lib/libpebble.a(tmpypdyNWpebble.o)
 .text.menu_cell_title_draw
                0x0000000000000000        0xc /Users/mostly_mike/pebble-dev/PebbleSDK-2.1.1/Pebble/lib/libpebble.a(tmpypdyNWpebble.o)
 .text.menu_index_compare
                0x0000000000000000        0xc /Users/mostly_mike/pebble-dev/PebbleSDK-2.1.1/Pebble/lib/libpebble.a(tmpypdyNWpebble.o)
 .text.menu_layer_create
                0x0000000000000000        0xc /Users/mostly_mike/pebble-dev/PebbleSDK-2.1.1/Pebble/lib/libpebble.a(tmpypdyNWpebble.o)
 .text.menu_layer_destroy
                0x0000000000000000        0xc /Users/mostly_mike/pebble-dev/PebbleSDK-2.1.1/Pebble/lib/libpebble.a(tmpypdyNWpebble.o)
 .text.menu_layer_get_layer
                0x0000000000000000        0xc /Users/mostly_mike/pebble-dev/PebbleSDK-2.1.1/Pebble/lib/libpebble.a(tmpypdyNWpebble.o)
 .text.menu_layer_get_scroll_layer
                0x0000000000000000        0xc /Users/mostly_mike/pebble-dev/PebbleSDK-2.1.1/Pebble/lib/libpebble.a(tmpypdyNWpebble.o)
 .text.menu_layer_get_selected_index
                0x0000000000000000        0xc /Users/mostly_mike/pebble-dev/PebbleSDK-2.1.1/Pebble/lib/libpebble.a(tmpypdyNWpebble.o)
 .text.menu_layer_reload_data
                0x0000000000000000        0xc /Users/mostly_mike/pebble-dev/PebbleSDK-2.1.1/Pebble/lib/libpebble.a(tmpypdyNWpebble.o)
 .text.menu_layer_set_callbacks__deprecated
                0x0000000000000000        0xc /Users/mostly_mike/pebble-dev/PebbleSDK-2.1.1/Pebble/lib/libpebble.a(tmpypdyNWpebble.o)
 .text.menu_layer_set_click_config_onto_window
                0x0000000000000000        0xc /Users/mostly_mike/pebble-dev/PebbleSDK-2.1.1/Pebble/lib/libpebble.a(tmpypdyNWpebble.o)
 .text.menu_layer_set_selected_index
                0x0000000000000000        0xc /Users/mostly_mike/pebble-dev/PebbleSDK-2.1.1/Pebble/lib/libpebble.a(tmpypdyNWpebble.o)
 .text.menu_layer_set_selected_next
                0x0000000000000000        0xc /Users/mostly_mike/pebble-dev/PebbleSDK-2.1.1/Pebble/lib/libpebble.a(tmpypdyNWpebble.o)
 .text.number_window_create
                0x0000000000000000        0xc /Users/mostly_mike/pebble-dev/PebbleSDK-2.1.1/Pebble/lib/libpebble.a(tmpypdyNWpebble.o)
 .text.number_window_destroy
                0x0000000000000000        0xc /Users/mostly_mike/pebble-dev/PebbleSDK-2.1.1/Pebble/lib/libpebble.a(tmpypdyNWpebble.o)
 .text.number_window_get_value
                0x0000000000000000        0xc /Users/mostly_mike/pebble-dev/PebbleSDK-2.1.1/Pebble/lib/libpebble.a(tmpypdyNWpebble.o)
 .text.number_window_set_label
                0x0000000000000000        0xc /Users/mostly_mike/pebble-dev/PebbleSDK-2.1.1/Pebble/lib/libpebble.a(tmpypdyNWpebble.o)
 .text.number_window_set_max
                0x0000000000000000        0xc /Users/mostly_mike/pebble-dev/PebbleSDK-2.1.1/Pebble/lib/libpebble.a(tmpypdyNWpebble.o)
 .text.number_window_set_min
                0x0000000000000000        0xc /Users/mostly_mike/pebble-dev/PebbleSDK-2.1.1/Pebble/lib/libpebble.a(tmpypdyNWpebble.o)
 .text.number_window_set_step_size
                0x0000000000000000        0xc /Users/mostly_mike/pebble-dev/PebbleSDK-2.1.1/Pebble/lib/libpebble.a(tmpypdyNWpebble.o)
 .text.number_window_set_value
                0x0000000000000000        0xc /Users/mostly_mike/pebble-dev/PebbleSDK-2.1.1/Pebble/lib/libpebble.a(tmpypdyNWpebble.o)
 .text.persist_delete
                0x0000000000000000        0xc /Users/mostly_mike/pebble-dev/PebbleSDK-2.1.1/Pebble/lib/libpebble.a(tmpypdyNWpebble.o)
 .text.persist_exists
                0x0000000000000000        0xc /Users/mostly_mike/pebble-dev/PebbleSDK-2.1.1/Pebble/lib/libpebble.a(tmpypdyNWpebble.o)
 .text.persist_get_size
                0x0000000000000000        0xc /Users/mostly_mike/pebble-dev/PebbleSDK-2.1.1/Pebble/lib/libpebble.a(tmpypdyNWpebble.o)
 .text.persist_read_bool
                0x0000000000000000        0xc /Users/mostly_mike/pebble-dev/PebbleSDK-2.1.1/Pebble/lib/libpebble.a(tmpypdyNWpebble.o)
 .text.persist_read_data__deprecated
                0x0000000000000000        0xc /Users/mostly_mike/pebble-dev/PebbleSDK-2.1.1/Pebble/lib/libpebble.a(tmpypdyNWpebble.o)
 .text.persist_read_int
                0x0000000000000000        0xc /Users/mostly_mike/pebble-dev/PebbleSDK-2.1.1/Pebble/lib/libpebble.a(tmpypdyNWpebble.o)
 .text.persist_read_string__deprecated
                0x0000000000000000        0xc /Users/mostly_mike/pebble-dev/PebbleSDK-2.1.1/Pebble/lib/libpebble.a(tmpypdyNWpebble.o)
 .text.persist_write_bool
                0x0000000000000000        0xc /Users/mostly_mike/pebble-dev/PebbleSDK-2.1.1/Pebble/lib/libpebble.a(tmpypdyNWpebble.o)
 .text.persist_write_data__deprecated
                0x0000000000000000        0xc /Users/mostly_mike/pebble-dev/PebbleSDK-2.1.1/Pebble/lib/libpebble.a(tmpypdyNWpebble.o)
 .text.persist_write_int
                0x0000000000000000        0xc /Users/mostly_mike/pebble-dev/PebbleSDK-2.1.1/Pebble/lib/libpebble.a(tmpypdyNWpebble.o)
 .text.persist_write_string
                0x0000000000000000        0xc /Users/mostly_mike/pebble-dev/PebbleSDK-2.1.1/Pebble/lib/libpebble.a(tmpypdyNWpebble.o)
 .text.property_animation_create
                0x0000000000000000        0xc /Users/mostly_mike/pebble-dev/PebbleSDK-2.1.1/Pebble/lib/libpebble.a(tmpypdyNWpebble.o)
 .text.property_animation_create_layer_frame
                0x0000000000000000        0xc /Users/mostly_mike/pebble-dev/PebbleSDK-2.1.1/Pebble/lib/libpebble.a(tmpypdyNWpebble.o)
 .text.property_animation_destroy
                0x0000000000000000        0xc /Users/mostly_mike/pebble-dev/PebbleSDK-2.1.1/Pebble/lib/libpebble.a(tmpypdyNWpebble.o)
 .text.property_animation_update_gpoint
                0x0000000000000000        0xc /Users/mostly_mike/pebble-dev/PebbleSDK-2.1.1/Pebble/lib/libpebble.a(tmpypdyNWpebble.o)
 .text.property_animation_update_grect
                0x0000000000000000        0xc /Users/mostly_mike/pebble-dev/PebbleSDK-2.1.1/Pebble/lib/libpebble.a(tmpypdyNWpebble.o)
 .text.property_animation_update_int16
                0x0000000000000000        0xc /Users/mostly_mike/pebble-dev/PebbleSDK-2.1.1/Pebble/lib/libpebble.a(tmpypdyNWpebble.o)
 .text.psleep   0x0000000000000000        0xc /Users/mostly_mike/pebble-dev/PebbleSDK-2.1.1/Pebble/lib/libpebble.a(tmpypdyNWpebble.o)
 .text.rand     0x0000000000000000        0xc /Users/mostly_mike/pebble-dev/PebbleSDK-2.1.1/Pebble/lib/libpebble.a(tmpypdyNWpebble.o)
 .text.resource_load
                0x0000000000000000        0xc /Users/mostly_mike/pebble-dev/PebbleSDK-2.1.1/Pebble/lib/libpebble.a(tmpypdyNWpebble.o)
 .text.resource_load_byte_range
                0x0000000000000000        0xc /Users/mostly_mike/pebble-dev/PebbleSDK-2.1.1/Pebble/lib/libpebble.a(tmpypdyNWpebble.o)
 .text.resource_size
                0x0000000000000000        0xc /Users/mostly_mike/pebble-dev/PebbleSDK-2.1.1/Pebble/lib/libpebble.a(tmpypdyNWpebble.o)
 .text.rot_bitmap_layer_create
                0x0000000000000000        0xc /Users/mostly_mike/pebble-dev/PebbleSDK-2.1.1/Pebble/lib/libpebble.a(tmpypdyNWpebble.o)
 .text.rot_bitmap_layer_destroy
                0x0000000000000000        0xc /Users/mostly_mike/pebble-dev/PebbleSDK-2.1.1/Pebble/lib/libpebble.a(tmpypdyNWpebble.o)
 .text.rot_bitmap_layer_increment_angle
                0x0000000000000000        0xc /Users/mostly_mike/pebble-dev/PebbleSDK-2.1.1/Pebble/lib/libpebble.a(tmpypdyNWpebble.o)
 .text.rot_bitmap_layer_set_angle
                0x0000000000000000        0xc /Users/mostly_mike/pebble-dev/PebbleSDK-2.1.1/Pebble/lib/libpebble.a(tmpypdyNWpebble.o)
 .text.rot_bitmap_layer_set_corner_clip_color
                0x0000000000000000        0xc /Users/mostly_mike/pebble-dev/PebbleSDK-2.1.1/Pebble/lib/libpebble.a(tmpypdyNWpebble.o)
 .text.rot_bitmap_set_compositing_mode
                0x0000000000000000        0xc /Users/mostly_mike/pebble-dev/PebbleSDK-2.1.1/Pebble/lib/libpebble.a(tmpypdyNWpebble.o)
 .text.rot_bitmap_set_src_ic
                0x0000000000000000        0xc /Users/mostly_mike/pebble-dev/PebbleSDK-2.1.1/Pebble/lib/libpebble.a(tmpypdyNWpebble.o)
 .text.scroll_layer_add_child
                0x0000000000000000        0xc /Users/mostly_mike/pebble-dev/PebbleSDK-2.1.1/Pebble/lib/libpebble.a(tmpypdyNWpebble.o)
 .text.scroll_layer_create
                0x0000000000000000        0xc /Users/mostly_mike/pebble-dev/PebbleSDK-2.1.1/Pebble/lib/libpebble.a(tmpypdyNWpebble.o)
 .text.scroll_layer_destroy
                0x0000000000000000        0xc /Users/mostly_mike/pebble-dev/PebbleSDK-2.1.1/Pebble/lib/libpebble.a(tmpypdyNWpebble.o)
 .text.scroll_layer_get_content_offset
                0x0000000000000000        0xc /Users/mostly_mike/pebble-dev/PebbleSDK-2.1.1/Pebble/lib/libpebble.a(tmpypdyNWpebble.o)
 .text.scroll_layer_get_content_size
                0x0000000000000000        0xc /Users/mostly_mike/pebble-dev/PebbleSDK-2.1.1/Pebble/lib/libpebble.a(tmpypdyNWpebble.o)
 .text.scroll_layer_get_layer
                0x0000000000000000        0xc /Users/mostly_mike/pebble-dev/PebbleSDK-2.1.1/Pebble/lib/libpebble.a(tmpypdyNWpebble.o)
 .text.scroll_layer_get_shadow_hidden
                0x0000000000000000        0xc /Users/mostly_mike/pebble-dev/PebbleSDK-2.1.1/Pebble/lib/libpebble.a(tmpypdyNWpebble.o)
 .text.scroll_layer_scroll_down_click_handler
                0x0000000000000000        0xc /Users/mostly_mike/pebble-dev/PebbleSDK-2.1.1/Pebble/lib/libpebble.a(tmpypdyNWpebble.o)
 .text.scroll_layer_scroll_up_click_handler
                0x0000000000000000        0xc /Users/mostly_mike/pebble-dev/PebbleSDK-2.1.1/Pebble/lib/libpebble.a(tmpypdyNWpebble.o)
 .text.scroll_layer_set_callbacks
                0x0000000000000000        0xc /Users/mostly_mike/pebble-dev/PebbleSDK-2.1.1/Pebble/lib/libpebble.a(tmpypdyNWpebble.o)
 .text.scroll_layer_set_click_config_onto_window
                0x0000000000000000        0xc /Users/mostly_mike/pebble-dev/PebbleSDK-2.1.1/Pebble/lib/libpebble.a(tmpypdyNWpebble.o)
 .text.scroll_layer_set_content_offset
                0x0000000000000000        0xc /Users/mostly_mike/pebble-dev/PebbleSDK-2.1.1/Pebble/lib/libpebble.a(tmpypdyNWpebble.o)
 .text.scroll_layer_set_content_size
                0x0000000000000000        0xc /Users/mostly_mike/pebble-dev/PebbleSDK-2.1.1/Pebble/lib/libpebble.a(tmpypdyNWpebble.o)
 .text.scroll_layer_set_context
                0x0000000000000000        0xc /Users/mostly_mike/pebble-dev/PebbleSDK-2.1.1/Pebble/lib/libpebble.a(tmpypdyNWpebble.o)
 .text.scroll_layer_set_frame
                0x0000000000000000        0xc /Users/mostly_mike/pebble-dev/PebbleSDK-2.1.1/Pebble/lib/libpebble.a(tmpypdyNWpebble.o)
 .text.scroll_layer_set_shadow_hidden
                0x0000000000000000        0xc /Users/mostly_mike/pebble-dev/PebbleSDK-2.1.1/Pebble/lib/libpebble.a(tmpypdyNWpebble.o)
 .text.simple_menu_layer_create
                0x0000000000000000        0xc /Users/mostly_mike/pebble-dev/PebbleSDK-2.1.1/Pebble/lib/libpebble.a(tmpypdyNWpebble.o)
 .text.simple_menu_layer_destroy
                0x0000000000000000        0xc /Users/mostly_mike/pebble-dev/PebbleSDK-2.1.1/Pebble/lib/libpebble.a(tmpypdyNWpebble.o)
 .text.simple_menu_layer_get_layer
                0x0000000000000000        0xc /Users/mostly_mike/pebble-dev/PebbleSDK-2.1.1/Pebble/lib/libpebble.a(tmpypdyNWpebble.o)
 .text.simple_menu_layer_get_selected_index
                0x0000000000000000        0xc /Users/mostly_mike/pebble-dev/PebbleSDK-2.1.1/Pebble/lib/libpebble.a(tmpypdyNWpebble.o)
 .text.simple_menu_layer_set_selected_index
                0x0000000000000000        0xc /Users/mostly_mike/pebble-dev/PebbleSDK-2.1.1/Pebble/lib/libpebble.a(tmpypdyNWpebble.o)
 .text.snprintf
                0x0000000000000000        0xc /Users/mostly_mike/pebble-dev/PebbleSDK-2.1.1/Pebble/lib/libpebble.a(tmpypdyNWpebble.o)
 .text.srand    0x0000000000000000        0xc /Users/mostly_mike/pebble-dev/PebbleSDK-2.1.1/Pebble/lib/libpebble.a(tmpypdyNWpebble.o)
 .text.strcat   0x0000000000000000        0xc /Users/mostly_mike/pebble-dev/PebbleSDK-2.1.1/Pebble/lib/libpebble.a(tmpypdyNWpebble.o)
 .text.strcmp   0x0000000000000000        0xc /Users/mostly_mike/pebble-dev/PebbleSDK-2.1.1/Pebble/lib/libpebble.a(tmpypdyNWpebble.o)
 .text.strcpy   0x0000000000000000        0xc /Users/mostly_mike/pebble-dev/PebbleSDK-2.1.1/Pebble/lib/libpebble.a(tmpypdyNWpebble.o)
 .text.strlen   0x0000000000000000        0xc /Users/mostly_mike/pebble-dev/PebbleSDK-2.1.1/Pebble/lib/libpebble.a(tmpypdyNWpebble.o)
 .text.strncat  0x0000000000000000        0xc /Users/mostly_mike/pebble-dev/PebbleSDK-2.1.1/Pebble/lib/libpebble.a(tmpypdyNWpebble.o)
 .text.strncmp  0x0000000000000000        0xc /Users/mostly_mike/pebble-dev/PebbleSDK-2.1.1/Pebble/lib/libpebble.a(tmpypdyNWpebble.o)
 .text.strncpy  0x0000000000000000        0xc /Users/mostly_mike/pebble-dev/PebbleSDK-2.1.1/Pebble/lib/libpebble.a(tmpypdyNWpebble.o)
 .text.text_layer_get_content_size
                0x0000000000000000        0xc /Users/mostly_mike/pebble-dev/PebbleSDK-2.1.1/Pebble/lib/libpebble.a(tmpypdyNWpebble.o)
 .text.text_layer_get_text
                0x0000000000000000        0xc /Users/mostly_mike/pebble-dev/PebbleSDK-2.1.1/Pebble/lib/libpebble.a(tmpypdyNWpebble.o)
 .text.text_layer_set_overflow_mode
                0x0000000000000000        0xc /Users/mostly_mike/pebble-dev/PebbleSDK-2.1.1/Pebble/lib/libpebble.a(tmpypdyNWpebble.o)
 .text.text_layer_set_size
                0x0000000000000000        0xc /Users/mostly_mike/pebble-dev/PebbleSDK-2.1.1/Pebble/lib/libpebble.a(tmpypdyNWpebble.o)
 .text.time_ms  0x0000000000000000        0xc /Users/mostly_mike/pebble-dev/PebbleSDK-2.1.1/Pebble/lib/libpebble.a(tmpypdyNWpebble.o)
 .text.vibes_cancel
                0x0000000000000000        0xc /Users/mostly_mike/pebble-dev/PebbleSDK-2.1.1/Pebble/lib/libpebble.a(tmpypdyNWpebble.o)
 .text.vibes_double_pulse
                0x0000000000000000        0xc /Users/mostly_mike/pebble-dev/PebbleSDK-2.1.1/Pebble/lib/libpebble.a(tmpypdyNWpebble.o)
 .text.vibes_enqueue_custom_pattern
                0x0000000000000000        0xc /Users/mostly_mike/pebble-dev/PebbleSDK-2.1.1/Pebble/lib/libpebble.a(tmpypdyNWpebble.o)
 .text.vibes_long_pulse
                0x0000000000000000        0xc /Users/mostly_mike/pebble-dev/PebbleSDK-2.1.1/Pebble/lib/libpebble.a(tmpypdyNWpebble.o)
 .text.vibes_short_pulse
                0x0000000000000000        0xc /Users/mostly_mike/pebble-dev/PebbleSDK-2.1.1/Pebble/lib/libpebble.a(tmpypdyNWpebble.o)
 .text.window_get_click_config_provider
                0x0000000000000000        0xc /Users/mostly_mike/pebble-dev/PebbleSDK-2.1.1/Pebble/lib/libpebble.a(tmpypdyNWpebble.o)
 .text.window_get_fullscreen
                0x0000000000000000        0xc /Users/mostly_mike/pebble-dev/PebbleSDK-2.1.1/Pebble/lib/libpebble.a(tmpypdyNWpebble.o)
 .text.window_is_loaded
                0x0000000000000000        0xc /Users/mostly_mike/pebble-dev/PebbleSDK-2.1.1/Pebble/lib/libpebble.a(tmpypdyNWpebble.o)
 .text.window_set_click_config_provider
                0x0000000000000000        0xc /Users/mostly_mike/pebble-dev/PebbleSDK-2.1.1/Pebble/lib/libpebble.a(tmpypdyNWpebble.o)
 .text.window_set_click_config_provider_with_context
                0x0000000000000000        0xc /Users/mostly_mike/pebble-dev/PebbleSDK-2.1.1/Pebble/lib/libpebble.a(tmpypdyNWpebble.o)
 .text.window_set_fullscreen
                0x0000000000000000        0xc /Users/mostly_mike/pebble-dev/PebbleSDK-2.1.1/Pebble/lib/libpebble.a(tmpypdyNWpebble.o)
 .text.window_set_status_bar_icon
                0x0000000000000000        0xc /Users/mostly_mike/pebble-dev/PebbleSDK-2.1.1/Pebble/lib/libpebble.a(tmpypdyNWpebble.o)
 .text.window_set_window_handlers
                0x0000000000000000        0xc /Users/mostly_mike/pebble-dev/PebbleSDK-2.1.1/Pebble/lib/libpebble.a(tmpypdyNWpebble.o)
 .text.window_stack_contains_window
                0x0000000000000000        0xc /Users/mostly_mike/pebble-dev/PebbleSDK-2.1.1/Pebble/lib/libpebble.a(tmpypdyNWpebble.o)
 .text.window_stack_get_top_window
                0x0000000000000000        0xc /Users/mostly_mike/pebble-dev/PebbleSDK-2.1.1/Pebble/lib/libpebble.a(tmpypdyNWpebble.o)
 .text.window_stack_pop
                0x0000000000000000        0xc /Users/mostly_mike/pebble-dev/PebbleSDK-2.1.1/Pebble/lib/libpebble.a(tmpypdyNWpebble.o)
 .text.window_stack_pop_all
                0x0000000000000000        0xc /Users/mostly_mike/pebble-dev/PebbleSDK-2.1.1/Pebble/lib/libpebble.a(tmpypdyNWpebble.o)
 .text.window_stack_remove
                0x0000000000000000        0xc /Users/mostly_mike/pebble-dev/PebbleSDK-2.1.1/Pebble/lib/libpebble.a(tmpypdyNWpebble.o)
 .text.app_focus_service_subscribe
                0x0000000000000000        0xc /Users/mostly_mike/pebble-dev/PebbleSDK-2.1.1/Pebble/lib/libpebble.a(tmpypdyNWpebble.o)
 .text.app_focus_service_unsubscribe
                0x0000000000000000        0xc /Users/mostly_mike/pebble-dev/PebbleSDK-2.1.1/Pebble/lib/libpebble.a(tmpypdyNWpebble.o)
 .text.window_get_user_data
                0x0000000000000000        0xc /Users/mostly_mike/pebble-dev/PebbleSDK-2.1.1/Pebble/lib/libpebble.a(tmpypdyNWpebble.o)
 .text.window_set_user_data
                0x0000000000000000        0xc /Users/mostly_mike/pebble-dev/PebbleSDK-2.1.1/Pebble/lib/libpebble.a(tmpypdyNWpebble.o)
 .text.app_message_get_context
                0x0000000000000000        0xc /Users/mostly_mike/pebble-dev/PebbleSDK-2.1.1/Pebble/lib/libpebble.a(tmpypdyNWpebble.o)
 .text.app_message_inbox_size_maximum
                0x0000000000000000        0xc /Users/mostly_mike/pebble-dev/PebbleSDK-2.1.1/Pebble/lib/libpebble.a(tmpypdyNWpebble.o)
 .text.app_message_outbox_begin
                0x0000000000000000        0xc /Users/mostly_mike/pebble-dev/PebbleSDK-2.1.1/Pebble/lib/libpebble.a(tmpypdyNWpebble.o)
 .text.app_message_outbox_send
                0x0000000000000000        0xc /Users/mostly_mike/pebble-dev/PebbleSDK-2.1.1/Pebble/lib/libpebble.a(tmpypdyNWpebble.o)
 .text.app_message_outbox_size_maximum
                0x0000000000000000        0xc /Users/mostly_mike/pebble-dev/PebbleSDK-2.1.1/Pebble/lib/libpebble.a(tmpypdyNWpebble.o)
 .text.app_message_register_inbox_dropped
                0x0000000000000000        0xc /Users/mostly_mike/pebble-dev/PebbleSDK-2.1.1/Pebble/lib/libpebble.a(tmpypdyNWpebble.o)
 .text.app_message_register_inbox_received
                0x0000000000000000        0xc /Users/mostly_mike/pebble-dev/PebbleSDK-2.1.1/Pebble/lib/libpebble.a(tmpypdyNWpebble.o)
 .text.app_message_register_outbox_failed
                0x0000000000000000        0xc /Users/mostly_mike/pebble-dev/PebbleSDK-2.1.1/Pebble/lib/libpebble.a(tmpypdyNWpebble.o)
 .text.app_message_register_outbox_sent
                0x0000000000000000        0xc /Users/mostly_mike/pebble-dev/PebbleSDK-2.1.1/Pebble/lib/libpebble.a(tmpypdyNWpebble.o)
 .text.app_message_set_context
                0x0000000000000000        0xc /Users/mostly_mike/pebble-dev/PebbleSDK-2.1.1/Pebble/lib/libpebble.a(tmpypdyNWpebble.o)
 .text.window_long_click_subscribe
                0x0000000000000000        0xc /Users/mostly_mike/pebble-dev/PebbleSDK-2.1.1/Pebble/lib/libpebble.a(tmpypdyNWpebble.o)
 .text.window_multi_click_subscribe
                0x0000000000000000        0xc /Users/mostly_mike/pebble-dev/PebbleSDK-2.1.1/Pebble/lib/libpebble.a(tmpypdyNWpebble.o)
 .text.window_raw_click_subscribe
                0x0000000000000000        0xc /Users/mostly_mike/pebble-dev/PebbleSDK-2.1.1/Pebble/lib/libpebble.a(tmpypdyNWpebble.o)
 .text.window_set_click_context
                0x0000000000000000        0xc /Users/mostly_mike/pebble-dev/PebbleSDK-2.1.1/Pebble/lib/libpebble.a(tmpypdyNWpebble.o)
 .text.window_single_click_subscribe
                0x0000000000000000        0xc /Users/mostly_mike/pebble-dev/PebbleSDK-2.1.1/Pebble/lib/libpebble.a(tmpypdyNWpebble.o)
 .text.window_single_repeating_click_subscribe
                0x0000000000000000        0xc /Users/mostly_mike/pebble-dev/PebbleSDK-2.1.1/Pebble/lib/libpebble.a(tmpypdyNWpebble.o)
 .text.graphics_draw_text
                0x0000000000000000        0xc /Users/mostly_mike/pebble-dev/PebbleSDK-2.1.1/Pebble/lib/libpebble.a(tmpypdyNWpebble.o)
 .text.dict_serialize_tuplets_to_buffer
                0x0000000000000000        0xc /Users/mostly_mike/pebble-dev/PebbleSDK-2.1.1/Pebble/lib/libpebble.a(tmpypdyNWpebble.o)
 .text.persist_read_data
                0x0000000000000000        0xc /Users/mostly_mike/pebble-dev/PebbleSDK-2.1.1/Pebble/lib/libpebble.a(tmpypdyNWpebble.o)
 .text.persist_read_string
                0x0000000000000000        0xc /Users/mostly_mike/pebble-dev/PebbleSDK-2.1.1/Pebble/lib/libpebble.a(tmpypdyNWpebble.o)
 .text.persist_write_data
                0x0000000000000000        0xc /Users/mostly_mike/pebble-dev/PebbleSDK-2.1.1/Pebble/lib/libpebble.a(tmpypdyNWpebble.o)
 .text.dict_size
                0x0000000000000000        0xc /Users/mostly_mike/pebble-dev/PebbleSDK-2.1.1/Pebble/lib/libpebble.a(tmpypdyNWpebble.o)
 .text.graphics_text_layout_get_content_size
                0x0000000000000000        0xc /Users/mostly_mike/pebble-dev/PebbleSDK-2.1.1/Pebble/lib/libpebble.a(tmpypdyNWpebble.o)
 .text.simple_menu_layer_get_menu_layer
                0x0000000000000000        0xc /Users/mostly_mike/pebble-dev/PebbleSDK-2.1.1/Pebble/lib/libpebble.a(tmpypdyNWpebble.o)
 .text.accel_data_service_subscribe
                0x0000000000000000        0xc /Users/mostly_mike/pebble-dev/PebbleSDK-2.1.1/Pebble/lib/libpebble.a(tmpypdyNWpebble.o)
 .text.calloc   0x0000000000000000        0xc /Users/mostly_mike/pebble-dev/PebbleSDK-2.1.1/Pebble/lib/libpebble.a(tmpypdyNWpebble.o)
 .text.bitmap_layer_get_bitmap
                0x0000000000000000        0xc /Users/mostly_mike/pebble-dev/PebbleSDK-2.1.1/Pebble/lib/libpebble.a(tmpypdyNWpebble.o)
 .text.menu_layer_set_callbacks
                0x0000000000000000        0xc /Users/mostly_mike/pebble-dev/PebbleSDK-2.1.1/Pebble/lib/libpebble.a(tmpypdyNWpebble.o)
 .text.window_get_click_config_context
                0x0000000000000000        0xc /Users/mostly_mike/pebble-dev/PebbleSDK-2.1.1/Pebble/lib/libpebble.a(tmpypdyNWpebble.o)
 .text          0x0000000000000000        0x0 /Users/mostly_mike/pebble-dev/PebbleSDK-2.1.1/arm-cs-tools/bin/../lib/gcc/arm-none-eabi/4.7.2/thumb2/crtend.o
 .bss           0x0000000000000000        0x0 /Users/mostly_mike/pebble-dev/PebbleSDK-2.1.1/arm-cs-tools/bin/../lib/gcc/arm-none-eabi/4.7.2/thumb2/crtend.o
 .eh_frame      0x0000000000000000        0x4 /Users/mostly_mike/pebble-dev/PebbleSDK-2.1.1/arm-cs-tools/bin/../lib/gcc/arm-none-eabi/4.7.2/thumb2/crtend.o
 .jcr           0x0000000000000000        0x4 /Users/mostly_mike/pebble-dev/PebbleSDK-2.1.1/arm-cs-tools/bin/../lib/gcc/arm-none-eabi/4.7.2/thumb2/crtend.o
 .tm_clone_table
                0x0000000000000000        0x0 /Users/mostly_mike/pebble-dev/PebbleSDK-2.1.1/arm-cs-tools/bin/../lib/gcc/arm-none-eabi/4.7.2/thumb2/crtend.o
 .text          0x0000000000000000        0x0 /Users/mostly_mike/pebble-dev/PebbleSDK-2.1.1/arm-cs-tools/bin/../lib/gcc/arm-none-eabi/4.7.2/thumb2/crtn.o
 .bss           0x0000000000000000        0x0 /Users/mostly_mike/pebble-dev/PebbleSDK-2.1.1/arm-cs-tools/bin/../lib/gcc/arm-none-eabi/4.7.2/thumb2/crtn.o
 .init          0x0000000000000000        0x8 /Users/mostly_mike/pebble-dev/PebbleSDK-2.1.1/arm-cs-tools/bin/../lib/gcc/arm-none-eabi/4.7.2/thumb2/crtn.o
 .fini          0x0000000000000000        0x8 /Users/mostly_mike/pebble-dev/PebbleSDK-2.1.1/arm-cs-tools/bin/../lib/gcc/arm-none-eabi/4.7.2/thumb2/crtn.o

Memory Configuration

Name             Origin             Length             Attributes
APP              0x0000000000000000 0x0000000000006000 xrw
*default*        0x0000000000000000 0xffffffffffffffff

Linker script and memory map

LOAD /Users/mostly_mike/pebble-dev/PebbleSDK-2.1.1/arm-cs-tools/bin/../lib/gcc/arm-none-eabi/4.7.2/thumb2/crti.o
LOAD /Users/mostly_mike/pebble-dev/PebbleSDK-2.1.1/arm-cs-tools/bin/../lib/gcc/arm-none-eabi/4.7.2/thumb2/crtbegin.o
LOAD src/halo.c.10.o
LOAD appinfo.auto.c.10.o
LOAD /Users/mostly_mike/pebble-dev/PebbleSDK-2.1.1/Pebble/lib/libpebble.a
START GROUP
LOAD /Users/mostly_mike/pebble-dev/PebbleSDK-2.1.1/arm-cs-tools/bin/../lib/gcc/arm-none-eabi/4.7.2/thumb2/libgcc.a
LOAD /Users/mostly_mike/pebble-dev/PebbleSDK-2.1.1/arm-cs-tools/bin/../lib/gcc/arm-none-eabi/4.7.2/../../../../arm-none-eabi/lib/thumb2/libc.a
END GROUP
LOAD /Users/mostly_mike/pebble-dev/PebbleSDK-2.1.1/arm-cs-tools/bin/../lib/gcc/arm-none-eabi/4.7.2/thumb2/crtend.o
LOAD /Users/mostly_mike/pebble-dev/PebbleSDK-2.1.1/arm-cs-tools/bin/../lib/gcc/arm-none-eabi/4.7.2/thumb2/crtn.o

.header         0x0000000000000000       0x82
 *(.pbl_header)
 .pbl_header    0x0000000000000000       0x82 appinfo.auto.c.10.o
                0x0000000000000000                __pbl_app_info

.text           0x0000000000000084      0x5e9
 *(.text)
 .text          0x0000000000000084       0x14 /Users/mostly_mike/pebble-dev/PebbleSDK-2.1.1/Pebble/lib/libpebble.a(tmpypdyNWpebble.o)
 *(.text.*)
 .text.handle_second_tick
                0x0000000000000098       0xa4 src/halo.c.10.o
                0x0000000000000098                handle_second_tick
 .text.circle_layer_update_callback
                0x000000000000013c      0x184 src/halo.c.10.o
                0x000000000000013c                circle_layer_update_callback
 .text.handle_deinit
                0x00000000000002c0       0x58 src/halo.c.10.o
                0x00000000000002c0                handle_deinit
 .text.handle_init
                0x0000000000000318      0x188 src/halo.c.10.o
                0x0000000000000318                handle_init
 .text.startup.main
                0x00000000000004a0       0x12 src/halo.c.10.o
                0x00000000000004a0                main
 *fill*         0x00000000000004b2        0x2 
 .text.app_event_loop
                0x00000000000004b4        0xc /Users/mostly_mike/pebble-dev/PebbleSDK-2.1.1/Pebble/lib/libpebble.a(tmpypdyNWpebble.o)
                0x00000000000004b4                app_event_loop
 .text.clock_is_24h_style
                0x00000000000004c0        0xc /Users/mostly_mike/pebble-dev/PebbleSDK-2.1.1/Pebble/lib/libpebble.a(tmpypdyNWpebble.o)
                0x00000000000004c0                clock_is_24h_style
 .text.cos_lookup
                0x00000000000004cc        0xc /Users/mostly_mike/pebble-dev/PebbleSDK-2.1.1/Pebble/lib/libpebble.a(tmpypdyNWpebble.o)
                0x00000000000004cc                cos_lookup
 .text.fonts_load_custom_font
                0x00000000000004d8        0xc /Users/mostly_mike/pebble-dev/PebbleSDK-2.1.1/Pebble/lib/libpebble.a(tmpypdyNWpebble.o)
                0x00000000000004d8                fonts_load_custom_font
 .text.fonts_unload_custom_font
                0x00000000000004e4        0xc /Users/mostly_mike/pebble-dev/PebbleSDK-2.1.1/Pebble/lib/libpebble.a(tmpypdyNWpebble.o)
                0x00000000000004e4                fonts_unload_custom_font
 .text.graphics_context_set_fill_color
                0x00000000000004f0        0xc /Users/mostly_mike/pebble-dev/PebbleSDK-2.1.1/Pebble/lib/libpebble.a(tmpypdyNWpebble.o)
                0x00000000000004f0                graphics_context_set_fill_color
 .text.graphics_context_set_stroke_color
                0x00000000000004fc        0xc /Users/mostly_mike/pebble-dev/PebbleSDK-2.1.1/Pebble/lib/libpebble.a(tmpypdyNWpebble.o)
                0x00000000000004fc                graphics_context_set_stroke_color
 .text.graphics_draw_line
                0x0000000000000508        0xc /Users/mostly_mike/pebble-dev/PebbleSDK-2.1.1/Pebble/lib/libpebble.a(tmpypdyNWpebble.o)
                0x0000000000000508                graphics_draw_line
 .text.graphics_fill_circle
                0x0000000000000514        0xc /Users/mostly_mike/pebble-dev/PebbleSDK-2.1.1/Pebble/lib/libpebble.a(tmpypdyNWpebble.o)
                0x0000000000000514                graphics_fill_circle
 .text.grect_center_point
                0x0000000000000520        0xc /Users/mostly_mike/pebble-dev/PebbleSDK-2.1.1/Pebble/lib/libpebble.a(tmpypdyNWpebble.o)
                0x0000000000000520                grect_center_point
 .text.layer_add_child
                0x000000000000052c        0xc /Users/mostly_mike/pebble-dev/PebbleSDK-2.1.1/Pebble/lib/libpebble.a(tmpypdyNWpebble.o)
                0x000000000000052c                layer_add_child
 .text.layer_create
                0x0000000000000538        0xc /Users/mostly_mike/pebble-dev/PebbleSDK-2.1.1/Pebble/lib/libpebble.a(tmpypdyNWpebble.o)
                0x0000000000000538                layer_create
 .text.layer_destroy
                0x0000000000000544        0xc /Users/mostly_mike/pebble-dev/PebbleSDK-2.1.1/Pebble/lib/libpebble.a(tmpypdyNWpebble.o)
                0x0000000000000544                layer_destroy
 .text.layer_get_bounds
                0x0000000000000550        0xc /Users/mostly_mike/pebble-dev/PebbleSDK-2.1.1/Pebble/lib/libpebble.a(tmpypdyNWpebble.o)
                0x0000000000000550                layer_get_bounds
 .text.layer_set_update_proc
                0x000000000000055c        0xc /Users/mostly_mike/pebble-dev/PebbleSDK-2.1.1/Pebble/lib/libpebble.a(tmpypdyNWpebble.o)
                0x000000000000055c                layer_set_update_proc
 .text.localtime
                0x0000000000000568        0xc /Users/mostly_mike/pebble-dev/PebbleSDK-2.1.1/Pebble/lib/libpebble.a(tmpypdyNWpebble.o)
                0x0000000000000568                localtime
 .text.memmove  0x0000000000000574        0xc /Users/mostly_mike/pebble-dev/PebbleSDK-2.1.1/Pebble/lib/libpebble.a(tmpypdyNWpebble.o)
                0x0000000000000574                memmove
 .text.resource_get_handle
                0x0000000000000580        0xc /Users/mostly_mike/pebble-dev/PebbleSDK-2.1.1/Pebble/lib/libpebble.a(tmpypdyNWpebble.o)
                0x0000000000000580                resource_get_handle
 .text.sin_lookup
                0x000000000000058c        0xc /Users/mostly_mike/pebble-dev/PebbleSDK-2.1.1/Pebble/lib/libpebble.a(tmpypdyNWpebble.o)
                0x000000000000058c                sin_lookup
 .text.strftime
                0x0000000000000598        0xc /Users/mostly_mike/pebble-dev/PebbleSDK-2.1.1/Pebble/lib/libpebble.a(tmpypdyNWpebble.o)
                0x0000000000000598                strftime
 .text.text_layer_create
                0x00000000000005a4        0xc /Users/mostly_mike/pebble-dev/PebbleSDK-2.1.1/Pebble/lib/libpebble.a(tmpypdyNWpebble.o)
                0x00000000000005a4                text_layer_create
 .text.text_layer_destroy
                0x00000000000005b0        0xc /Users/mostly_mike/pebble-dev/PebbleSDK-2.1.1/Pebble/lib/libpebble.a(tmpypdyNWpebble.o)
                0x00000000000005b0                text_layer_destroy
 .text.text_layer_get_layer
                0x00000000000005bc        0xc /Users/mostly_mike/pebble-dev/PebbleSDK-2.1.1/Pebble/lib/libpebble.a(tmpypdyNWpebble.o)
                0x00000000000005bc                text_layer_get_layer
 .text.text_layer_set_background_color
                0x00000000000005c8        0xc /Users/mostly_mike/pebble-dev/PebbleSDK-2.1.1/Pebble/lib/libpebble.a(tmpypdyNWpebble.o)
                0x00000000000005c8                text_layer_set_background_color
 .text.text_layer_set_font
                0x00000000000005d4        0xc /Users/mostly_mike/pebble-dev/PebbleSDK-2.1.1/Pebble/lib/libpebble.a(tmpypdyNWpebble.o)
                0x00000000000005d4                text_layer_set_font
 .text.text_layer_set_text
                0x00000000000005e0        0xc /Users/mostly_mike/pebble-dev/PebbleSDK-2.1.1/Pebble/lib/libpebble.a(tmpypdyNWpebble.o)
                0x00000000000005e0                text_layer_set_text
 .text.text_layer_set_text_alignment
                0x00000000000005ec        0xc /Users/mostly_mike/pebble-dev/PebbleSDK-2.1.1/Pebble/lib/libpebble.a(tmpypdyNWpebble.o)
                0x00000000000005ec                text_layer_set_text_alignment
 .text.text_layer_set_text_color
                0x00000000000005f8        0xc /Users/mostly_mike/pebble-dev/PebbleSDK-2.1.1/Pebble/lib/libpebble.a(tmpypdyNWpebble.o)
                0x00000000000005f8                text_layer_set_text_color
 .text.tick_timer_service_subscribe
                0x0000000000000604        0xc /Users/mostly_mike/pebble-dev/PebbleSDK-2.1.1/Pebble/lib/libpebble.a(tmpypdyNWpebble.o)
                0x0000000000000604                tick_timer_service_subscribe
 .text.tick_timer_service_unsubscribe
                0x0000000000000610        0xc /Users/mostly_mike/pebble-dev/PebbleSDK-2.1.1/Pebble/lib/libpebble.a(tmpypdyNWpebble.o)
                0x0000000000000610                tick_timer_service_unsubscribe
 .text.time     0x000000000000061c        0xc /Users/mostly_mike/pebble-dev/PebbleSDK-2.1.1/Pebble/lib/libpebble.a(tmpypdyNWpebble.o)
                0x000000000000061c                time
 .text.window_create
                0x0000000000000628        0xc /Users/mostly_mike/pebble-dev/PebbleSDK-2.1.1/Pebble/lib/libpebble.a(tmpypdyNWpebble.o)
                0x0000000000000628                window_create
 .text.window_destroy
                0x0000000000000634        0xc /Users/mostly_mike/pebble-dev/PebbleSDK-2.1.1/Pebble/lib/libpebble.a(tmpypdyNWpebble.o)
                0x0000000000000634                window_destroy
 .text.window_get_root_layer
                0x0000000000000640        0xc /Users/mostly_mike/pebble-dev/PebbleSDK-2.1.1/Pebble/lib/libpebble.a(tmpypdyNWpebble.o)
                0x0000000000000640                window_get_root_layer
 .text.window_set_background_color
                0x000000000000064c        0xc /Users/mostly_mike/pebble-dev/PebbleSDK-2.1.1/Pebble/lib/libpebble.a(tmpypdyNWpebble.o)
                0x000000000000064c                window_set_background_color
 .text.window_stack_push
                0x0000000000000658        0xc /Users/mostly_mike/pebble-dev/PebbleSDK-2.1.1/Pebble/lib/libpebble.a(tmpypdyNWpebble.o)
                0x0000000000000658                window_stack_push
 *(.rodata)
 *(.rodata*)
 .rodata.str1.1
                0x0000000000000664        0x9 src/halo.c.10.o

.glue_7         0x0000000000000670        0x0
 .glue_7        0x0000000000000000        0x0 linker stubs

.glue_7t        0x0000000000000670        0x0
 .glue_7t       0x0000000000000000        0x0 linker stubs

.vfp11_veneer   0x0000000000000670        0x0
 .vfp11_veneer  0x0000000000000000        0x0 linker stubs

.v4_bx          0x0000000000000670        0x0
 .v4_bx         0x0000000000000000        0x0 linker stubs

.iplt           0x0000000000000670        0x0
 .iplt          0x0000000000000000        0x0 /Users/mostly_mike/pebble-dev/PebbleSDK-2.1.1/arm-cs-tools/bin/../lib/gcc/arm-none-eabi/4.7.2/thumb2/crtbegin.o

.rel.dyn        0x0000000000000670        0x0
 .rel.iplt      0x0000000000000000        0x0 /Users/mostly_mike/pebble-dev/PebbleSDK-2.1.1/arm-cs-tools/bin/../lib/gcc/arm-none-eabi/4.7.2/thumb2/crtbegin.o
 .rel.got       0x0000000000000000        0x0 /Users/mostly_mike/pebble-dev/PebbleSDK-2.1.1/arm-cs-tools/bin/../lib/gcc/arm-none-eabi/4.7.2/thumb2/crtbegin.o

.data           0x0000000000000670        0xa
 *(.data)
 .data          0x0000000000000670        0x0 /Users/mostly_mike/pebble-dev/PebbleSDK-2.1.1/arm-cs-tools/bin/../lib/gcc/arm-none-eabi/4.7.2/thumb2/crti.o
 .data          0x0000000000000670        0x4 /Users/mostly_mike/pebble-dev/PebbleSDK-2.1.1/arm-cs-tools/bin/../lib/gcc/arm-none-eabi/4.7.2/thumb2/crtbegin.o
                0x0000000000000670                __dso_handle
 .data          0x0000000000000674        0x0 src/halo.c.10.o
 .data          0x0000000000000674        0x0 appinfo.auto.c.10.o
 .data          0x0000000000000674        0x0 /Users/mostly_mike/pebble-dev/PebbleSDK-2.1.1/Pebble/lib/libpebble.a(tmpypdyNWpebble.o)
 .data          0x0000000000000674        0x0 /Users/mostly_mike/pebble-dev/PebbleSDK-2.1.1/arm-cs-tools/bin/../lib/gcc/arm-none-eabi/4.7.2/thumb2/crtend.o
 .data          0x0000000000000674        0x0 /Users/mostly_mike/pebble-dev/PebbleSDK-2.1.1/arm-cs-tools/bin/../lib/gcc/arm-none-eabi/4.7.2/thumb2/crtn.o
 *(.data.*)
 .data.minute_text.6465
                0x0000000000000674        0x3 src/halo.c.10.o
 .data.time_text.6464
                0x0000000000000677        0x3 src/halo.c.10.o

.igot.plt       0x000000000000067c        0x0
 .igot.plt      0x0000000000000000        0x0 /Users/mostly_mike/pebble-dev/PebbleSDK-2.1.1/arm-cs-tools/bin/../lib/gcc/arm-none-eabi/4.7.2/thumb2/crtbegin.o

.got            0x000000000000067c       0x18
 .got           0x000000000000067c       0x18 /Users/mostly_mike/pebble-dev/PebbleSDK-2.1.1/arm-cs-tools/bin/../lib/gcc/arm-none-eabi/4.7.2/thumb2/crtbegin.o

.got.plt        0x0000000000000694        0xc
 .got.plt       0x0000000000000694        0xc /Users/mostly_mike/pebble-dev/PebbleSDK-2.1.1/arm-cs-tools/bin/../lib/gcc/arm-none-eabi/4.7.2/thumb2/crtbegin.o
                0x0000000000000694                _GLOBAL_OFFSET_TABLE_

.bss            0x00000000000006a0       0x18
 *(.bss)
 *(.bss.*)
 COMMON         0x00000000000006a0       0x18 src/halo.c.10.o
                0x00000000000006a0                dosis_font_18
                0x00000000000006a4                dosis_font_56
                0x00000000000006a8                minute_circle_layer
                0x00000000000006ac                window
                0x00000000000006b0                text_hour_layer
                0x00000000000006b4                text_minute_layer

DISCARD
 libc.a(*)
 libm.a(*)
 libgcc.a(*)
 *(.eh_frame)
OUTPUT(/Users/mostly_mike/Desktop/GitHub Repos/Halo/build/pebble-app.elf elf32-littlearm)

.ARM.attributes
                0x0000000000000000       0x27
 .ARM.attributes
                0x0000000000000000       0x19 /Users/mostly_mike/pebble-dev/PebbleSDK-2.1.1/arm-cs-tools/bin/../lib/gcc/arm-none-eabi/4.7.2/thumb2/crti.o
 .ARM.attributes
                0x0000000000000019       0x29 /Users/mostly_mike/pebble-dev/PebbleSDK-2.1.1/arm-cs-tools/bin/../lib/gcc/arm-none-eabi/4.7.2/thumb2/crtbegin.o
 .ARM.attributes
                0x0000000000000042       0x33 src/halo.c.10.o
 .ARM.attributes
                0x0000000000000075       0x33 appinfo.auto.c.10.o
 .ARM.attributes
                0x00000000000000a8       0x21 /Users/mostly_mike/pebble-dev/PebbleSDK-2.1.1/Pebble/lib/libpebble.a(tmpypdyNWpebble.o)
 .ARM.attributes
                0x00000000000000c9       0x29 /Users/mostly_mike/pebble-dev/PebbleSDK-2.1.1/arm-cs-tools/bin/../lib/gcc/arm-none-eabi/4.7.2/thumb2/crtend.o
 .ARM.attributes
                0x00000000000000f2       0x19 /Users/mostly_mike/pebble-dev/PebbleSDK-2.1.1/arm-cs-tools/bin/../lib/gcc/arm-none-eabi/4.7.2/thumb2/crtn.o

.comment        0x0000000000000000       0x4e
 .comment       0x0000000000000000       0x4e /Users/mostly_mike/pebble-dev/PebbleSDK-2.1.1/arm-cs-tools/bin/../lib/gcc/arm-none-eabi/4.7.2/thumb2/crtbegin.o
                                         0x4f (size before relaxing)
 .comment       0x0000000000000000       0x4f src/halo.c.10.o
 .comment       0x0000000000000000       0x4f appinfo.auto.c.10.o
 .comment       0x0000000000000000       0x4f /Users/mostly_mike/pebble-dev/PebbleSDK-2.1.1/arm-cs-tools/bin/../lib/gcc/arm-none-eabi/4.7.2/thumb2/crtend.o

.debug_info     0x0000000000000000     0x116e
 .debug_info    0x0000000000000000      0xe13 src/halo.c.10.o
 .debug_info    0x0000000000000e13      0x35b appinfo.auto.c.10.o

.debug_abbrev   0x0000000000000000      0x321
 .debug_abbrev  0x0000000000000000      0x276 src/halo.c.10.o
 .debug_abbrev  0x0000000000000276       0xab appinfo.auto.c.10.o

.debug_loc      0x0000000000000000      0x2ce
 .debug_loc     0x0000000000000000      0x2ce src/halo.c.10.o

.debug_aranges  0x0000000000000000       0x58
 .debug_aranges
                0x0000000000000000       0x40 src/halo.c.10.o
 .debug_aranges
                0x0000000000000040       0x18 appinfo.auto.c.10.o

.debug_ranges   0x0000000000000000       0x68
 .debug_ranges  0x0000000000000000       0x68 src/halo.c.10.o

.debug_line     0x0000000000000000      0x4c5
 .debug_line    0x0000000000000000      0x39d src/halo.c.10.o
 .debug_line    0x000000000000039d      0x128 appinfo.auto.c.10.o

.debug_str      0x0000000000000000      0x8f8
 .debug_str     0x0000000000000000      0x712 src/halo.c.10.o
                                        0x793 (size before relaxing)
 .debug_str     0x0000000000000712      0x1e6 appinfo.auto.c.10.o
                                        0x355 (size before relaxing)

.debug_frame    0x0000000000000000       0xb0
 .debug_frame   0x0000000000000000       0xb0 src/halo.c.10.o
